------------------------------------------------------------
TimeQuest Timing Analyzer Summary
------------------------------------------------------------

Type  : Slow 1100mV 85C Model Setup 'FPGA_CLK_50'
Slack : -1.523
TNS   : -13.117

Type  : Slow 1100mV 85C Model Hold 'FPGA_CLK_50'
Slack : 0.729
TNS   : 0.000

Type  : Slow 1100mV 85C Model Minimum Pulse Width 'FPGA_CLK_50'
Slack : -2.636
TNS   : -74.970

Type  : Slow 1100mV 0C Model Setup 'FPGA_CLK_50'
Slack : -1.507
TNS   : -12.963

Type  : Slow 1100mV 0C Model Hold 'FPGA_CLK_50'
Slack : 0.743
TNS   : 0.000

Type  : Slow 1100mV 0C Model Minimum Pulse Width 'FPGA_CLK_50'
Slack : -2.636
TNS   : -75.048

Type  : Fast 1100mV 85C Model Setup 'FPGA_CLK_50'
Slack : -0.993
TNS   : -7.953

Type  : Fast 1100mV 85C Model Hold 'FPGA_CLK_50'
Slack : 0.312
TNS   : 0.000

Type  : Fast 1100mV 85C Model Minimum Pulse Width 'FPGA_CLK_50'
Slack : -2.636
TNS   : -74.482

Type  : Fast 1100mV 0C Model Setup 'FPGA_CLK_50'
Slack : -0.984
TNS   : -7.852

Type  : Fast 1100mV 0C Model Hold 'FPGA_CLK_50'
Slack : 0.264
TNS   : 0.000

Type  : Fast 1100mV 0C Model Minimum Pulse Width 'FPGA_CLK_50'
Slack : -2.636
TNS   : -74.473

------------------------------------------------------------
