------------------------------------------------------------
TimeQuest Timing Analyzer Summary
------------------------------------------------------------

Type  : Slow 1100mV 85C Model Setup 'FPGA_CLK_50'
Slack : -2.492
TNS   : -182.078

Type  : Slow 1100mV 85C Model Hold 'FPGA_CLK_50'
Slack : 0.473
TNS   : 0.000

Type  : Slow 1100mV 85C Model Minimum Pulse Width 'FPGA_CLK_50'
Slack : -0.394
TNS   : -84.567

Type  : Slow 1100mV 0C Model Setup 'FPGA_CLK_50'
Slack : -2.648
TNS   : -174.067

Type  : Slow 1100mV 0C Model Hold 'FPGA_CLK_50'
Slack : 0.379
TNS   : 0.000

Type  : Slow 1100mV 0C Model Minimum Pulse Width 'FPGA_CLK_50'
Slack : -0.394
TNS   : -93.437

Type  : Fast 1100mV 85C Model Setup 'FPGA_CLK_50'
Slack : -1.167
TNS   : -85.285

Type  : Fast 1100mV 85C Model Hold 'FPGA_CLK_50'
Slack : 0.288
TNS   : 0.000

Type  : Fast 1100mV 85C Model Minimum Pulse Width 'FPGA_CLK_50'
Slack : -0.121
TNS   : -14.223

Type  : Fast 1100mV 0C Model Setup 'FPGA_CLK_50'
Slack : -1.073
TNS   : -73.882

Type  : Fast 1100mV 0C Model Hold 'FPGA_CLK_50'
Slack : 0.273
TNS   : 0.000

Type  : Fast 1100mV 0C Model Minimum Pulse Width 'FPGA_CLK_50'
Slack : -0.115
TNS   : -15.092

------------------------------------------------------------
